C:\Users\maria\OneDrive\Υπολογιστής\dockerdesktop\api\src\main\java\gr\aueb\dmst\api\entities\ContainerMetrics.java
C:\Users\maria\OneDrive\Υπολογιστής\dockerdesktop\api\src\main\java\gr\aueb\dmst\api\Application.java
C:\Users\maria\OneDrive\Υπολογιστής\dockerdesktop\api\src\main\java\gr\aueb\dmst\api\repositories\ContainerInstancesRepository.java
C:\Users\maria\OneDrive\Υπολογιστής\dockerdesktop\api\src\main\java\gr\aueb\dmst\api\entities\ContainerInstances.java
C:\Users\maria\OneDrive\Υπολογιστής\dockerdesktop\api\src\main\java\gr\aueb\dmst\api\exceptions\ContainerNotFoundException.java
C:\Users\maria\OneDrive\Υπολογιστής\dockerdesktop\api\src\main\java\gr\aueb\dmst\api\config\DockerClientConfiguration.java
C:\Users\maria\OneDrive\Υπολογιστής\dockerdesktop\api\src\main\java\gr\aueb\dmst\api\controllers\ContainerController.java
C:\Users\maria\OneDrive\Υπολογιστής\dockerdesktop\api\src\main\java\gr\aueb\dmst\api\exceptions\ContainerNotFoundAdvice.java
C:\Users\maria\OneDrive\Υπολογιστής\dockerdesktop\api\src\main\java\gr\aueb\dmst\api\repositories\ContainerMetricsRepository.java
